Copyright 1986-2022 Xilinx, Inc. All Rights Reserved. Copyright 2022-2024 Advanced Micro Devices, Inc. All Rights Reserved.
--------------------------------------------------------------------------------------------------------------------------------------------------------------------------------------------
| Tool Version : Vivado v.2024.1 (win64) Build 5076996 Wed May 22 18:37:14 MDT 2024
| Date         : Wed Sep 23 21:54:57 2026
| Host         : LAPTOP-N9F2OTPF running 64-bit major release  (build 9200)
| Command      : report_methodology -file noc_mesh_synth_top_methodology_drc_routed.rpt -pb noc_mesh_synth_top_methodology_drc_routed.pb -rpx noc_mesh_synth_top_methodology_drc_routed.rpx
| Design       : noc_mesh_synth_top
| Device       : xc7a100tcsg324-1
| Speed File   : -1
| Design State : Fully Routed
--------------------------------------------------------------------------------------------------------------------------------------------------------------------------------------------

Report Methodology

Table of Contents
-----------------
1. REPORT SUMMARY
2. REPORT DETAILS

1. REPORT SUMMARY
-----------------
            Netlist: netlist
          Floorplan: design_1
      Design limits: <entire design considered>
             Max violations: <unlimited>
             Violations found: 124
+-----------+----------+-----------------------+------------+
| Rule      | Severity | Description           | Violations |
+-----------+----------+-----------------------+------------+
| TIMING-16 | Warning  | Large setup violation | 124        |
+-----------+----------+-----------------------+------------+

2. REPORT DETAILS
-----------------
TIMING-16#1 Warning
Large setup violation  
There is a large setup violation of -1.004 ns between u_mesh/GEN_R[0].r/u_datapath/east_vc1_fifo/rd_ptr_reg[0]/C (clocked by clk) and u_mesh/GEN_R[3].r/u_datapath/north_vc2_fifo/fifo_mem_reg[0][flit_data]_0_3_18_23/RAMA/WE (clocked by clk). Large setup violations at the end of those stages might be difficult to fix during the post-placement implementation flow and could be the result of non-optimal XDC constraints or non-optimal design architecture
Related violations: <none>

TIMING-16#2 Warning
Large setup violation  
There is a large setup violation of -1.004 ns between u_mesh/GEN_R[0].r/u_datapath/east_vc1_fifo/rd_ptr_reg[0]/C (clocked by clk) and u_mesh/GEN_R[3].r/u_datapath/north_vc2_fifo/fifo_mem_reg[0][flit_data]_0_3_18_23/RAMA_D1/WE (clocked by clk). Large setup violations at the end of those stages might be difficult to fix during the post-placement implementation flow and could be the result of non-optimal XDC constraints or non-optimal design architecture
Related violations: <none>

TIMING-16#3 Warning
Large setup violation  
There is a large setup violation of -1.004 ns between u_mesh/GEN_R[0].r/u_datapath/east_vc1_fifo/rd_ptr_reg[0]/C (clocked by clk) and u_mesh/GEN_R[3].r/u_datapath/north_vc2_fifo/fifo_mem_reg[0][flit_data]_0_3_18_23/RAMB/WE (clocked by clk). Large setup violations at the end of those stages might be difficult to fix during the post-placement implementation flow and could be the result of non-optimal XDC constraints or non-optimal design architecture
Related violations: <none>

TIMING-16#4 Warning
Large setup violation  
There is a large setup violation of -1.004 ns between u_mesh/GEN_R[0].r/u_datapath/east_vc1_fifo/rd_ptr_reg[0]/C (clocked by clk) and u_mesh/GEN_R[3].r/u_datapath/north_vc2_fifo/fifo_mem_reg[0][flit_data]_0_3_18_23/RAMB_D1/WE (clocked by clk). Large setup violations at the end of those stages might be difficult to fix during the post-placement implementation flow and could be the result of non-optimal XDC constraints or non-optimal design architecture
Related violations: <none>

TIMING-16#5 Warning
Large setup violation  
There is a large setup violation of -1.004 ns between u_mesh/GEN_R[0].r/u_datapath/east_vc1_fifo/rd_ptr_reg[0]/C (clocked by clk) and u_mesh/GEN_R[3].r/u_datapath/north_vc2_fifo/fifo_mem_reg[0][flit_data]_0_3_18_23/RAMC/WE (clocked by clk). Large setup violations at the end of those stages might be difficult to fix during the post-placement implementation flow and could be the result of non-optimal XDC constraints or non-optimal design architecture
Related violations: <none>

TIMING-16#6 Warning
Large setup violation  
There is a large setup violation of -1.004 ns between u_mesh/GEN_R[0].r/u_datapath/east_vc1_fifo/rd_ptr_reg[0]/C (clocked by clk) and u_mesh/GEN_R[3].r/u_datapath/north_vc2_fifo/fifo_mem_reg[0][flit_data]_0_3_18_23/RAMC_D1/WE (clocked by clk). Large setup violations at the end of those stages might be difficult to fix during the post-placement implementation flow and could be the result of non-optimal XDC constraints or non-optimal design architecture
Related violations: <none>

TIMING-16#7 Warning
Large setup violation  
There is a large setup violation of -1.004 ns between u_mesh/GEN_R[0].r/u_datapath/east_vc1_fifo/rd_ptr_reg[0]/C (clocked by clk) and u_mesh/GEN_R[3].r/u_datapath/north_vc2_fifo/fifo_mem_reg[0][flit_data]_0_3_18_23/RAMD/WE (clocked by clk). Large setup violations at the end of those stages might be difficult to fix during the post-placement implementation flow and could be the result of non-optimal XDC constraints or non-optimal design architecture
Related violations: <none>

TIMING-16#8 Warning
Large setup violation  
There is a large setup violation of -1.004 ns between u_mesh/GEN_R[0].r/u_datapath/east_vc1_fifo/rd_ptr_reg[0]/C (clocked by clk) and u_mesh/GEN_R[3].r/u_datapath/north_vc2_fifo/fifo_mem_reg[0][flit_data]_0_3_18_23/RAMD_D1/WE (clocked by clk). Large setup violations at the end of those stages might be difficult to fix during the post-placement implementation flow and could be the result of non-optimal XDC constraints or non-optimal design architecture
Related violations: <none>

TIMING-16#9 Warning
Large setup violation  
There is a large setup violation of -1.007 ns between u_mesh/GEN_R[4].r/u_datapath/west_vc0_fifo/rd_ptr_reg[0]/C (clocked by clk) and u_mesh/GEN_R[5].r/u_datapath/west_vc1_fifo/fifo_mem_reg[0][flit_data]_0_3_0_5/RAMA/WE (clocked by clk). Large setup violations at the end of those stages might be difficult to fix during the post-placement implementation flow and could be the result of non-optimal XDC constraints or non-optimal design architecture
Related violations: <none>

TIMING-16#10 Warning
Large setup violation  
There is a large setup violation of -1.007 ns between u_mesh/GEN_R[4].r/u_datapath/west_vc0_fifo/rd_ptr_reg[0]/C (clocked by clk) and u_mesh/GEN_R[5].r/u_datapath/west_vc1_fifo/fifo_mem_reg[0][flit_data]_0_3_0_5/RAMA_D1/WE (clocked by clk). Large setup violations at the end of those stages might be difficult to fix during the post-placement implementation flow and could be the result of non-optimal XDC constraints or non-optimal design architecture
Related violations: <none>

TIMING-16#11 Warning
Large setup violation  
There is a large setup violation of -1.007 ns between u_mesh/GEN_R[4].r/u_datapath/west_vc0_fifo/rd_ptr_reg[0]/C (clocked by clk) and u_mesh/GEN_R[5].r/u_datapath/west_vc1_fifo/fifo_mem_reg[0][flit_data]_0_3_0_5/RAMB/WE (clocked by clk). Large setup violations at the end of those stages might be difficult to fix during the post-placement implementation flow and could be the result of non-optimal XDC constraints or non-optimal design architecture
Related violations: <none>

TIMING-16#12 Warning
Large setup violation  
There is a large setup violation of -1.007 ns between u_mesh/GEN_R[4].r/u_datapath/west_vc0_fifo/rd_ptr_reg[0]/C (clocked by clk) and u_mesh/GEN_R[5].r/u_datapath/west_vc1_fifo/fifo_mem_reg[0][flit_data]_0_3_0_5/RAMB_D1/WE (clocked by clk). Large setup violations at the end of those stages might be difficult to fix during the post-placement implementation flow and could be the result of non-optimal XDC constraints or non-optimal design architecture
Related violations: <none>

TIMING-16#13 Warning
Large setup violation  
There is a large setup violation of -1.007 ns between u_mesh/GEN_R[4].r/u_datapath/west_vc0_fifo/rd_ptr_reg[0]/C (clocked by clk) and u_mesh/GEN_R[5].r/u_datapath/west_vc1_fifo/fifo_mem_reg[0][flit_data]_0_3_0_5/RAMC/WE (clocked by clk). Large setup violations at the end of those stages might be difficult to fix during the post-placement implementation flow and could be the result of non-optimal XDC constraints or non-optimal design architecture
Related violations: <none>

TIMING-16#14 Warning
Large setup violation  
There is a large setup violation of -1.007 ns between u_mesh/GEN_R[4].r/u_datapath/west_vc0_fifo/rd_ptr_reg[0]/C (clocked by clk) and u_mesh/GEN_R[5].r/u_datapath/west_vc1_fifo/fifo_mem_reg[0][flit_data]_0_3_0_5/RAMC_D1/WE (clocked by clk). Large setup violations at the end of those stages might be difficult to fix during the post-placement implementation flow and could be the result of non-optimal XDC constraints or non-optimal design architecture
Related violations: <none>

TIMING-16#15 Warning
Large setup violation  
There is a large setup violation of -1.007 ns between u_mesh/GEN_R[4].r/u_datapath/west_vc0_fifo/rd_ptr_reg[0]/C (clocked by clk) and u_mesh/GEN_R[5].r/u_datapath/west_vc1_fifo/fifo_mem_reg[0][flit_data]_0_3_0_5/RAMD/WE (clocked by clk). Large setup violations at the end of those stages might be difficult to fix during the post-placement implementation flow and could be the result of non-optimal XDC constraints or non-optimal design architecture
Related violations: <none>

TIMING-16#16 Warning
Large setup violation  
There is a large setup violation of -1.007 ns between u_mesh/GEN_R[4].r/u_datapath/west_vc0_fifo/rd_ptr_reg[0]/C (clocked by clk) and u_mesh/GEN_R[5].r/u_datapath/west_vc1_fifo/fifo_mem_reg[0][flit_data]_0_3_0_5/RAMD_D1/WE (clocked by clk). Large setup violations at the end of those stages might be difficult to fix during the post-placement implementation flow and could be the result of non-optimal XDC constraints or non-optimal design architecture
Related violations: <none>

TIMING-16#17 Warning
Large setup violation  
There is a large setup violation of -1.052 ns between u_mesh/GEN_R[1].r/u_datapath/west_vc2_fifo/rd_ptr_reg[1]/C (clocked by clk) and u_mesh/GEN_R[2].r/u_datapath/west_vc1_fifo/fifo_mem_reg[0][flit_data]_0_3_18_23/RAMA/WE (clocked by clk). Large setup violations at the end of those stages might be difficult to fix during the post-placement implementation flow and could be the result of non-optimal XDC constraints or non-optimal design architecture
Related violations: <none>

TIMING-16#18 Warning
Large setup violation  
There is a large setup violation of -1.052 ns between u_mesh/GEN_R[1].r/u_datapath/west_vc2_fifo/rd_ptr_reg[1]/C (clocked by clk) and u_mesh/GEN_R[2].r/u_datapath/west_vc1_fifo/fifo_mem_reg[0][flit_data]_0_3_18_23/RAMA_D1/WE (clocked by clk). Large setup violations at the end of those stages might be difficult to fix during the post-placement implementation flow and could be the result of non-optimal XDC constraints or non-optimal design architecture
Related violations: <none>

TIMING-16#19 Warning
Large setup violation  
There is a large setup violation of -1.052 ns between u_mesh/GEN_R[1].r/u_datapath/west_vc2_fifo/rd_ptr_reg[1]/C (clocked by clk) and u_mesh/GEN_R[2].r/u_datapath/west_vc1_fifo/fifo_mem_reg[0][flit_data]_0_3_18_23/RAMB/WE (clocked by clk). Large setup violations at the end of those stages might be difficult to fix during the post-placement implementation flow and could be the result of non-optimal XDC constraints or non-optimal design architecture
Related violations: <none>

TIMING-16#20 Warning
Large setup violation  
There is a large setup violation of -1.052 ns between u_mesh/GEN_R[1].r/u_datapath/west_vc2_fifo/rd_ptr_reg[1]/C (clocked by clk) and u_mesh/GEN_R[2].r/u_datapath/west_vc1_fifo/fifo_mem_reg[0][flit_data]_0_3_18_23/RAMB_D1/WE (clocked by clk). Large setup violations at the end of those stages might be difficult to fix during the post-placement implementation flow and could be the result of non-optimal XDC constraints or non-optimal design architecture
Related violations: <none>

TIMING-16#21 Warning
Large setup violation  
There is a large setup violation of -1.052 ns between u_mesh/GEN_R[1].r/u_datapath/west_vc2_fifo/rd_ptr_reg[1]/C (clocked by clk) and u_mesh/GEN_R[2].r/u_datapath/west_vc1_fifo/fifo_mem_reg[0][flit_data]_0_3_18_23/RAMC/WE (clocked by clk). Large setup violations at the end of those stages might be difficult to fix during the post-placement implementation flow and could be the result of non-optimal XDC constraints or non-optimal design architecture
Related violations: <none>

TIMING-16#22 Warning
Large setup violation  
There is a large setup violation of -1.052 ns between u_mesh/GEN_R[1].r/u_datapath/west_vc2_fifo/rd_ptr_reg[1]/C (clocked by clk) and u_mesh/GEN_R[2].r/u_datapath/west_vc1_fifo/fifo_mem_reg[0][flit_data]_0_3_18_23/RAMC_D1/WE (clocked by clk). Large setup violations at the end of those stages might be difficult to fix during the post-placement implementation flow and could be the result of non-optimal XDC constraints or non-optimal design architecture
Related violations: <none>

TIMING-16#23 Warning
Large setup violation  
There is a large setup violation of -1.052 ns between u_mesh/GEN_R[1].r/u_datapath/west_vc2_fifo/rd_ptr_reg[1]/C (clocked by clk) and u_mesh/GEN_R[2].r/u_datapath/west_vc1_fifo/fifo_mem_reg[0][flit_data]_0_3_18_23/RAMD/WE (clocked by clk). Large setup violations at the end of those stages might be difficult to fix during the post-placement implementation flow and could be the result of non-optimal XDC constraints or non-optimal design architecture
Related violations: <none>

TIMING-16#24 Warning
Large setup violation  
There is a large setup violation of -1.052 ns between u_mesh/GEN_R[1].r/u_datapath/west_vc2_fifo/rd_ptr_reg[1]/C (clocked by clk) and u_mesh/GEN_R[2].r/u_datapath/west_vc1_fifo/fifo_mem_reg[0][flit_data]_0_3_18_23/RAMD_D1/WE (clocked by clk). Large setup violations at the end of those stages might be difficult to fix during the post-placement implementation flow and could be the result of non-optimal XDC constraints or non-optimal design architecture
Related violations: <none>

TIMING-16#25 Warning
Large setup violation  
There is a large setup violation of -1.065 ns between u_mesh/GEN_R[1].r/u_datapath/west_vc2_fifo/rd_ptr_reg[1]/C (clocked by clk) and u_mesh/GEN_R[2].r/u_datapath/west_vc1_fifo/fifo_mem_reg[0][flit_data]_0_3_0_5/RAMA/WE (clocked by clk). Large setup violations at the end of those stages might be difficult to fix during the post-placement implementation flow and could be the result of non-optimal XDC constraints or non-optimal design architecture
Related violations: <none>

TIMING-16#26 Warning
Large setup violation  
There is a large setup violation of -1.065 ns between u_mesh/GEN_R[1].r/u_datapath/west_vc2_fifo/rd_ptr_reg[1]/C (clocked by clk) and u_mesh/GEN_R[2].r/u_datapath/west_vc1_fifo/fifo_mem_reg[0][flit_data]_0_3_0_5/RAMA_D1/WE (clocked by clk). Large setup violations at the end of those stages might be difficult to fix during the post-placement implementation flow and could be the result of non-optimal XDC constraints or non-optimal design architecture
Related violations: <none>

TIMING-16#27 Warning
Large setup violation  
There is a large setup violation of -1.065 ns between u_mesh/GEN_R[1].r/u_datapath/west_vc2_fifo/rd_ptr_reg[1]/C (clocked by clk) and u_mesh/GEN_R[2].r/u_datapath/west_vc1_fifo/fifo_mem_reg[0][flit_data]_0_3_0_5/RAMB/WE (clocked by clk). Large setup violations at the end of those stages might be difficult to fix during the post-placement implementation flow and could be the result of non-optimal XDC constraints or non-optimal design architecture
Related violations: <none>

TIMING-16#28 Warning
Large setup violation  
There is a large setup violation of -1.065 ns between u_mesh/GEN_R[1].r/u_datapath/west_vc2_fifo/rd_ptr_reg[1]/C (clocked by clk) and u_mesh/GEN_R[2].r/u_datapath/west_vc1_fifo/fifo_mem_reg[0][flit_data]_0_3_0_5/RAMB_D1/WE (clocked by clk). Large setup violations at the end of those stages might be difficult to fix during the post-placement implementation flow and could be the result of non-optimal XDC constraints or non-optimal design architecture
Related violations: <none>

TIMING-16#29 Warning
Large setup violation  
There is a large setup violation of -1.065 ns between u_mesh/GEN_R[1].r/u_datapath/west_vc2_fifo/rd_ptr_reg[1]/C (clocked by clk) and u_mesh/GEN_R[2].r/u_datapath/west_vc1_fifo/fifo_mem_reg[0][flit_data]_0_3_0_5/RAMC/WE (clocked by clk). Large setup violations at the end of those stages might be difficult to fix during the post-placement implementation flow and could be the result of non-optimal XDC constraints or non-optimal design architecture
Related violations: <none>

TIMING-16#30 Warning
Large setup violation  
There is a large setup violation of -1.065 ns between u_mesh/GEN_R[1].r/u_datapath/west_vc2_fifo/rd_ptr_reg[1]/C (clocked by clk) and u_mesh/GEN_R[2].r/u_datapath/west_vc1_fifo/fifo_mem_reg[0][flit_data]_0_3_0_5/RAMC_D1/WE (clocked by clk). Large setup violations at the end of those stages might be difficult to fix during the post-placement implementation flow and could be the result of non-optimal XDC constraints or non-optimal design architecture
Related violations: <none>

TIMING-16#31 Warning
Large setup violation  
There is a large setup violation of -1.065 ns between u_mesh/GEN_R[1].r/u_datapath/west_vc2_fifo/rd_ptr_reg[1]/C (clocked by clk) and u_mesh/GEN_R[2].r/u_datapath/west_vc1_fifo/fifo_mem_reg[0][flit_data]_0_3_0_5/RAMD/WE (clocked by clk). Large setup violations at the end of those stages might be difficult to fix during the post-placement implementation flow and could be the result of non-optimal XDC constraints or non-optimal design architecture
Related violations: <none>

TIMING-16#32 Warning
Large setup violation  
There is a large setup violation of -1.065 ns between u_mesh/GEN_R[1].r/u_datapath/west_vc2_fifo/rd_ptr_reg[1]/C (clocked by clk) and u_mesh/GEN_R[2].r/u_datapath/west_vc1_fifo/fifo_mem_reg[0][flit_data]_0_3_0_5/RAMD_D1/WE (clocked by clk). Large setup violations at the end of those stages might be difficult to fix during the post-placement implementation flow and could be the result of non-optimal XDC constraints or non-optimal design architecture
Related violations: <none>

TIMING-16#33 Warning
Large setup violation  
There is a large setup violation of -1.068 ns between u_mesh/GEN_R[4].r/u_datapath/west_vc0_fifo/rd_ptr_reg[0]/C (clocked by clk) and u_mesh/GEN_R[3].r/u_datapath/east_vc1_fifo/fifo_mem_reg[0][flit_data]_0_3_6_11/RAMA/WE (clocked by clk). Large setup violations at the end of those stages might be difficult to fix during the post-placement implementation flow and could be the result of non-optimal XDC constraints or non-optimal design architecture
Related violations: <none>

TIMING-16#34 Warning
Large setup violation  
There is a large setup violation of -1.068 ns between u_mesh/GEN_R[4].r/u_datapath/west_vc0_fifo/rd_ptr_reg[0]/C (clocked by clk) and u_mesh/GEN_R[3].r/u_datapath/east_vc1_fifo/fifo_mem_reg[0][flit_data]_0_3_6_11/RAMA_D1/WE (clocked by clk). Large setup violations at the end of those stages might be difficult to fix during the post-placement implementation flow and could be the result of non-optimal XDC constraints or non-optimal design architecture
Related violations: <none>

TIMING-16#35 Warning
Large setup violation  
There is a large setup violation of -1.068 ns between u_mesh/GEN_R[4].r/u_datapath/west_vc0_fifo/rd_ptr_reg[0]/C (clocked by clk) and u_mesh/GEN_R[3].r/u_datapath/east_vc1_fifo/fifo_mem_reg[0][flit_data]_0_3_6_11/RAMB/WE (clocked by clk). Large setup violations at the end of those stages might be difficult to fix during the post-placement implementation flow and could be the result of non-optimal XDC constraints or non-optimal design architecture
Related violations: <none>

TIMING-16#36 Warning
Large setup violation  
There is a large setup violation of -1.068 ns between u_mesh/GEN_R[4].r/u_datapath/west_vc0_fifo/rd_ptr_reg[0]/C (clocked by clk) and u_mesh/GEN_R[3].r/u_datapath/east_vc1_fifo/fifo_mem_reg[0][flit_data]_0_3_6_11/RAMB_D1/WE (clocked by clk). Large setup violations at the end of those stages might be difficult to fix during the post-placement implementation flow and could be the result of non-optimal XDC constraints or non-optimal design architecture
Related violations: <none>

TIMING-16#37 Warning
Large setup violation  
There is a large setup violation of -1.068 ns between u_mesh/GEN_R[4].r/u_datapath/west_vc0_fifo/rd_ptr_reg[0]/C (clocked by clk) and u_mesh/GEN_R[3].r/u_datapath/east_vc1_fifo/fifo_mem_reg[0][flit_data]_0_3_6_11/RAMC/WE (clocked by clk). Large setup violations at the end of those stages might be difficult to fix during the post-placement implementation flow and could be the result of non-optimal XDC constraints or non-optimal design architecture
Related violations: <none>

TIMING-16#38 Warning
Large setup violation  
There is a large setup violation of -1.068 ns between u_mesh/GEN_R[4].r/u_datapath/west_vc0_fifo/rd_ptr_reg[0]/C (clocked by clk) and u_mesh/GEN_R[3].r/u_datapath/east_vc1_fifo/fifo_mem_reg[0][flit_data]_0_3_6_11/RAMC_D1/WE (clocked by clk). Large setup violations at the end of those stages might be difficult to fix during the post-placement implementation flow and could be the result of non-optimal XDC constraints or non-optimal design architecture
Related violations: <none>

TIMING-16#39 Warning
Large setup violation  
There is a large setup violation of -1.068 ns between u_mesh/GEN_R[4].r/u_datapath/west_vc0_fifo/rd_ptr_reg[0]/C (clocked by clk) and u_mesh/GEN_R[3].r/u_datapath/east_vc1_fifo/fifo_mem_reg[0][flit_data]_0_3_6_11/RAMD/WE (clocked by clk). Large setup violations at the end of those stages might be difficult to fix during the post-placement implementation flow and could be the result of non-optimal XDC constraints or non-optimal design architecture
Related violations: <none>

TIMING-16#40 Warning
Large setup violation  
There is a large setup violation of -1.068 ns between u_mesh/GEN_R[4].r/u_datapath/west_vc0_fifo/rd_ptr_reg[0]/C (clocked by clk) and u_mesh/GEN_R[3].r/u_datapath/east_vc1_fifo/fifo_mem_reg[0][flit_data]_0_3_6_11/RAMD_D1/WE (clocked by clk). Large setup violations at the end of those stages might be difficult to fix during the post-placement implementation flow and could be the result of non-optimal XDC constraints or non-optimal design architecture
Related violations: <none>

TIMING-16#41 Warning
Large setup violation  
There is a large setup violation of -1.069 ns between u_mesh/GEN_R[1].r/u_datapath/west_vc2_fifo/rd_ptr_reg[1]/C (clocked by clk) and u_mesh/GEN_R[2].r/u_datapath/west_vc1_fifo/fifo_mem_reg[0][flit_data]_0_3_6_11/RAMA/WE (clocked by clk). Large setup violations at the end of those stages might be difficult to fix during the post-placement implementation flow and could be the result of non-optimal XDC constraints or non-optimal design architecture
Related violations: <none>

TIMING-16#42 Warning
Large setup violation  
There is a large setup violation of -1.069 ns between u_mesh/GEN_R[1].r/u_datapath/west_vc2_fifo/rd_ptr_reg[1]/C (clocked by clk) and u_mesh/GEN_R[2].r/u_datapath/west_vc1_fifo/fifo_mem_reg[0][flit_data]_0_3_6_11/RAMA_D1/WE (clocked by clk). Large setup violations at the end of those stages might be difficult to fix during the post-placement implementation flow and could be the result of non-optimal XDC constraints or non-optimal design architecture
Related violations: <none>

TIMING-16#43 Warning
Large setup violation  
There is a large setup violation of -1.069 ns between u_mesh/GEN_R[1].r/u_datapath/west_vc2_fifo/rd_ptr_reg[1]/C (clocked by clk) and u_mesh/GEN_R[2].r/u_datapath/west_vc1_fifo/fifo_mem_reg[0][flit_data]_0_3_6_11/RAMB/WE (clocked by clk). Large setup violations at the end of those stages might be difficult to fix during the post-placement implementation flow and could be the result of non-optimal XDC constraints or non-optimal design architecture
Related violations: <none>

TIMING-16#44 Warning
Large setup violation  
There is a large setup violation of -1.069 ns between u_mesh/GEN_R[1].r/u_datapath/west_vc2_fifo/rd_ptr_reg[1]/C (clocked by clk) and u_mesh/GEN_R[2].r/u_datapath/west_vc1_fifo/fifo_mem_reg[0][flit_data]_0_3_6_11/RAMB_D1/WE (clocked by clk). Large setup violations at the end of those stages might be difficult to fix during the post-placement implementation flow and could be the result of non-optimal XDC constraints or non-optimal design architecture
Related violations: <none>

TIMING-16#45 Warning
Large setup violation  
There is a large setup violation of -1.069 ns between u_mesh/GEN_R[1].r/u_datapath/west_vc2_fifo/rd_ptr_reg[1]/C (clocked by clk) and u_mesh/GEN_R[2].r/u_datapath/west_vc1_fifo/fifo_mem_reg[0][flit_data]_0_3_6_11/RAMC/WE (clocked by clk). Large setup violations at the end of those stages might be difficult to fix during the post-placement implementation flow and could be the result of non-optimal XDC constraints or non-optimal design architecture
Related violations: <none>

TIMING-16#46 Warning
Large setup violation  
There is a large setup violation of -1.069 ns between u_mesh/GEN_R[1].r/u_datapath/west_vc2_fifo/rd_ptr_reg[1]/C (clocked by clk) and u_mesh/GEN_R[2].r/u_datapath/west_vc1_fifo/fifo_mem_reg[0][flit_data]_0_3_6_11/RAMC_D1/WE (clocked by clk). Large setup violations at the end of those stages might be difficult to fix during the post-placement implementation flow and could be the result of non-optimal XDC constraints or non-optimal design architecture
Related violations: <none>

TIMING-16#47 Warning
Large setup violation  
There is a large setup violation of -1.069 ns between u_mesh/GEN_R[1].r/u_datapath/west_vc2_fifo/rd_ptr_reg[1]/C (clocked by clk) and u_mesh/GEN_R[2].r/u_datapath/west_vc1_fifo/fifo_mem_reg[0][flit_data]_0_3_6_11/RAMD/WE (clocked by clk). Large setup violations at the end of those stages might be difficult to fix during the post-placement implementation flow and could be the result of non-optimal XDC constraints or non-optimal design architecture
Related violations: <none>

TIMING-16#48 Warning
Large setup violation  
There is a large setup violation of -1.069 ns between u_mesh/GEN_R[1].r/u_datapath/west_vc2_fifo/rd_ptr_reg[1]/C (clocked by clk) and u_mesh/GEN_R[2].r/u_datapath/west_vc1_fifo/fifo_mem_reg[0][flit_data]_0_3_6_11/RAMD_D1/WE (clocked by clk). Large setup violations at the end of those stages might be difficult to fix during the post-placement implementation flow and could be the result of non-optimal XDC constraints or non-optimal design architecture
Related violations: <none>

TIMING-16#49 Warning
Large setup violation  
There is a large setup violation of -1.076 ns between u_mesh/GEN_R[4].r/u_datapath/west_vc0_fifo/rd_ptr_reg[0]/C (clocked by clk) and u_mesh/GEN_R[3].r/u_datapath/east_vc1_fifo/fifo_mem_reg[0][flit_data]_0_3_18_23/RAMA/WE (clocked by clk). Large setup violations at the end of those stages might be difficult to fix during the post-placement implementation flow and could be the result of non-optimal XDC constraints or non-optimal design architecture
Related violations: <none>

TIMING-16#50 Warning
Large setup violation  
There is a large setup violation of -1.076 ns between u_mesh/GEN_R[4].r/u_datapath/west_vc0_fifo/rd_ptr_reg[0]/C (clocked by clk) and u_mesh/GEN_R[3].r/u_datapath/east_vc1_fifo/fifo_mem_reg[0][flit_data]_0_3_18_23/RAMA_D1/WE (clocked by clk). Large setup violations at the end of those stages might be difficult to fix during the post-placement implementation flow and could be the result of non-optimal XDC constraints or non-optimal design architecture
Related violations: <none>

TIMING-16#51 Warning
Large setup violation  
There is a large setup violation of -1.076 ns between u_mesh/GEN_R[4].r/u_datapath/west_vc0_fifo/rd_ptr_reg[0]/C (clocked by clk) and u_mesh/GEN_R[3].r/u_datapath/east_vc1_fifo/fifo_mem_reg[0][flit_data]_0_3_18_23/RAMB/WE (clocked by clk). Large setup violations at the end of those stages might be difficult to fix during the post-placement implementation flow and could be the result of non-optimal XDC constraints or non-optimal design architecture
Related violations: <none>

TIMING-16#52 Warning
Large setup violation  
There is a large setup violation of -1.076 ns between u_mesh/GEN_R[4].r/u_datapath/west_vc0_fifo/rd_ptr_reg[0]/C (clocked by clk) and u_mesh/GEN_R[3].r/u_datapath/east_vc1_fifo/fifo_mem_reg[0][flit_data]_0_3_18_23/RAMB_D1/WE (clocked by clk). Large setup violations at the end of those stages might be difficult to fix during the post-placement implementation flow and could be the result of non-optimal XDC constraints or non-optimal design architecture
Related violations: <none>

TIMING-16#53 Warning
Large setup violation  
There is a large setup violation of -1.076 ns between u_mesh/GEN_R[4].r/u_datapath/west_vc0_fifo/rd_ptr_reg[0]/C (clocked by clk) and u_mesh/GEN_R[3].r/u_datapath/east_vc1_fifo/fifo_mem_reg[0][flit_data]_0_3_18_23/RAMC/WE (clocked by clk). Large setup violations at the end of those stages might be difficult to fix during the post-placement implementation flow and could be the result of non-optimal XDC constraints or non-optimal design architecture
Related violations: <none>

TIMING-16#54 Warning
Large setup violation  
There is a large setup violation of -1.076 ns between u_mesh/GEN_R[4].r/u_datapath/west_vc0_fifo/rd_ptr_reg[0]/C (clocked by clk) and u_mesh/GEN_R[3].r/u_datapath/east_vc1_fifo/fifo_mem_reg[0][flit_data]_0_3_18_23/RAMC_D1/WE (clocked by clk). Large setup violations at the end of those stages might be difficult to fix during the post-placement implementation flow and could be the result of non-optimal XDC constraints or non-optimal design architecture
Related violations: <none>

TIMING-16#55 Warning
Large setup violation  
There is a large setup violation of -1.076 ns between u_mesh/GEN_R[4].r/u_datapath/west_vc0_fifo/rd_ptr_reg[0]/C (clocked by clk) and u_mesh/GEN_R[3].r/u_datapath/east_vc1_fifo/fifo_mem_reg[0][flit_data]_0_3_18_23/RAMD/WE (clocked by clk). Large setup violations at the end of those stages might be difficult to fix during the post-placement implementation flow and could be the result of non-optimal XDC constraints or non-optimal design architecture
Related violations: <none>

TIMING-16#56 Warning
Large setup violation  
There is a large setup violation of -1.076 ns between u_mesh/GEN_R[4].r/u_datapath/west_vc0_fifo/rd_ptr_reg[0]/C (clocked by clk) and u_mesh/GEN_R[3].r/u_datapath/east_vc1_fifo/fifo_mem_reg[0][flit_data]_0_3_18_23/RAMD_D1/WE (clocked by clk). Large setup violations at the end of those stages might be difficult to fix during the post-placement implementation flow and could be the result of non-optimal XDC constraints or non-optimal design architecture
Related violations: <none>

TIMING-16#57 Warning
Large setup violation  
There is a large setup violation of -1.086 ns between u_mesh/GEN_R[4].r/u_datapath/west_vc0_fifo/rd_ptr_reg[0]/C (clocked by clk) and u_mesh/GEN_R[3].r/u_datapath/east_vc1_fifo/fifo_mem_reg[0][flit_data]_0_3_0_5/RAMA/WE (clocked by clk). Large setup violations at the end of those stages might be difficult to fix during the post-placement implementation flow and could be the result of non-optimal XDC constraints or non-optimal design architecture
Related violations: <none>

TIMING-16#58 Warning
Large setup violation  
There is a large setup violation of -1.086 ns between u_mesh/GEN_R[4].r/u_datapath/west_vc0_fifo/rd_ptr_reg[0]/C (clocked by clk) and u_mesh/GEN_R[3].r/u_datapath/east_vc1_fifo/fifo_mem_reg[0][flit_data]_0_3_0_5/RAMA_D1/WE (clocked by clk). Large setup violations at the end of those stages might be difficult to fix during the post-placement implementation flow and could be the result of non-optimal XDC constraints or non-optimal design architecture
Related violations: <none>

TIMING-16#59 Warning
Large setup violation  
There is a large setup violation of -1.086 ns between u_mesh/GEN_R[4].r/u_datapath/west_vc0_fifo/rd_ptr_reg[0]/C (clocked by clk) and u_mesh/GEN_R[3].r/u_datapath/east_vc1_fifo/fifo_mem_reg[0][flit_data]_0_3_0_5/RAMB/WE (clocked by clk). Large setup violations at the end of those stages might be difficult to fix during the post-placement implementation flow and could be the result of non-optimal XDC constraints or non-optimal design architecture
Related violations: <none>

TIMING-16#60 Warning
Large setup violation  
There is a large setup violation of -1.086 ns between u_mesh/GEN_R[4].r/u_datapath/west_vc0_fifo/rd_ptr_reg[0]/C (clocked by clk) and u_mesh/GEN_R[3].r/u_datapath/east_vc1_fifo/fifo_mem_reg[0][flit_data]_0_3_0_5/RAMB_D1/WE (clocked by clk). Large setup violations at the end of those stages might be difficult to fix during the post-placement implementation flow and could be the result of non-optimal XDC constraints or non-optimal design architecture
Related violations: <none>

TIMING-16#61 Warning
Large setup violation  
There is a large setup violation of -1.086 ns between u_mesh/GEN_R[4].r/u_datapath/west_vc0_fifo/rd_ptr_reg[0]/C (clocked by clk) and u_mesh/GEN_R[3].r/u_datapath/east_vc1_fifo/fifo_mem_reg[0][flit_data]_0_3_0_5/RAMC/WE (clocked by clk). Large setup violations at the end of those stages might be difficult to fix during the post-placement implementation flow and could be the result of non-optimal XDC constraints or non-optimal design architecture
Related violations: <none>

TIMING-16#62 Warning
Large setup violation  
There is a large setup violation of -1.086 ns between u_mesh/GEN_R[4].r/u_datapath/west_vc0_fifo/rd_ptr_reg[0]/C (clocked by clk) and u_mesh/GEN_R[3].r/u_datapath/east_vc1_fifo/fifo_mem_reg[0][flit_data]_0_3_0_5/RAMC_D1/WE (clocked by clk). Large setup violations at the end of those stages might be difficult to fix during the post-placement implementation flow and could be the result of non-optimal XDC constraints or non-optimal design architecture
Related violations: <none>

TIMING-16#63 Warning
Large setup violation  
There is a large setup violation of -1.086 ns between u_mesh/GEN_R[4].r/u_datapath/west_vc0_fifo/rd_ptr_reg[0]/C (clocked by clk) and u_mesh/GEN_R[3].r/u_datapath/east_vc1_fifo/fifo_mem_reg[0][flit_data]_0_3_0_5/RAMD/WE (clocked by clk). Large setup violations at the end of those stages might be difficult to fix during the post-placement implementation flow and could be the result of non-optimal XDC constraints or non-optimal design architecture
Related violations: <none>

TIMING-16#64 Warning
Large setup violation  
There is a large setup violation of -1.086 ns between u_mesh/GEN_R[4].r/u_datapath/west_vc0_fifo/rd_ptr_reg[0]/C (clocked by clk) and u_mesh/GEN_R[3].r/u_datapath/east_vc1_fifo/fifo_mem_reg[0][flit_data]_0_3_0_5/RAMD_D1/WE (clocked by clk). Large setup violations at the end of those stages might be difficult to fix during the post-placement implementation flow and could be the result of non-optimal XDC constraints or non-optimal design architecture
Related violations: <none>

TIMING-16#65 Warning
Large setup violation  
There is a large setup violation of -1.092 ns between u_mesh/GEN_R[4].r/u_datapath/west_vc0_fifo/rd_ptr_reg[0]/C (clocked by clk) and u_mesh/GEN_R[1].r/u_datapath/south_vc1_fifo/fifo_mem_reg[0][flit_data]_0_3_12_17/RAMA/WE (clocked by clk). Large setup violations at the end of those stages might be difficult to fix during the post-placement implementation flow and could be the result of non-optimal XDC constraints or non-optimal design architecture
Related violations: <none>

TIMING-16#66 Warning
Large setup violation  
There is a large setup violation of -1.092 ns between u_mesh/GEN_R[4].r/u_datapath/west_vc0_fifo/rd_ptr_reg[0]/C (clocked by clk) and u_mesh/GEN_R[1].r/u_datapath/south_vc1_fifo/fifo_mem_reg[0][flit_data]_0_3_12_17/RAMA_D1/WE (clocked by clk). Large setup violations at the end of those stages might be difficult to fix during the post-placement implementation flow and could be the result of non-optimal XDC constraints or non-optimal design architecture
Related violations: <none>

TIMING-16#67 Warning
Large setup violation  
There is a large setup violation of -1.092 ns between u_mesh/GEN_R[4].r/u_datapath/west_vc0_fifo/rd_ptr_reg[0]/C (clocked by clk) and u_mesh/GEN_R[1].r/u_datapath/south_vc1_fifo/fifo_mem_reg[0][flit_data]_0_3_12_17/RAMB/WE (clocked by clk). Large setup violations at the end of those stages might be difficult to fix during the post-placement implementation flow and could be the result of non-optimal XDC constraints or non-optimal design architecture
Related violations: <none>

TIMING-16#68 Warning
Large setup violation  
There is a large setup violation of -1.092 ns between u_mesh/GEN_R[4].r/u_datapath/west_vc0_fifo/rd_ptr_reg[0]/C (clocked by clk) and u_mesh/GEN_R[1].r/u_datapath/south_vc1_fifo/fifo_mem_reg[0][flit_data]_0_3_12_17/RAMB_D1/WE (clocked by clk). Large setup violations at the end of those stages might be difficult to fix during the post-placement implementation flow and could be the result of non-optimal XDC constraints or non-optimal design architecture
Related violations: <none>

TIMING-16#69 Warning
Large setup violation  
There is a large setup violation of -1.092 ns between u_mesh/GEN_R[4].r/u_datapath/west_vc0_fifo/rd_ptr_reg[0]/C (clocked by clk) and u_mesh/GEN_R[1].r/u_datapath/south_vc1_fifo/fifo_mem_reg[0][flit_data]_0_3_12_17/RAMC/WE (clocked by clk). Large setup violations at the end of those stages might be difficult to fix during the post-placement implementation flow and could be the result of non-optimal XDC constraints or non-optimal design architecture
Related violations: <none>

TIMING-16#70 Warning
Large setup violation  
There is a large setup violation of -1.092 ns between u_mesh/GEN_R[4].r/u_datapath/west_vc0_fifo/rd_ptr_reg[0]/C (clocked by clk) and u_mesh/GEN_R[1].r/u_datapath/south_vc1_fifo/fifo_mem_reg[0][flit_data]_0_3_12_17/RAMC_D1/WE (clocked by clk). Large setup violations at the end of those stages might be difficult to fix during the post-placement implementation flow and could be the result of non-optimal XDC constraints or non-optimal design architecture
Related violations: <none>

TIMING-16#71 Warning
Large setup violation  
There is a large setup violation of -1.092 ns between u_mesh/GEN_R[4].r/u_datapath/west_vc0_fifo/rd_ptr_reg[0]/C (clocked by clk) and u_mesh/GEN_R[1].r/u_datapath/south_vc1_fifo/fifo_mem_reg[0][flit_data]_0_3_12_17/RAMD/WE (clocked by clk). Large setup violations at the end of those stages might be difficult to fix during the post-placement implementation flow and could be the result of non-optimal XDC constraints or non-optimal design architecture
Related violations: <none>

TIMING-16#72 Warning
Large setup violation  
There is a large setup violation of -1.092 ns between u_mesh/GEN_R[4].r/u_datapath/west_vc0_fifo/rd_ptr_reg[0]/C (clocked by clk) and u_mesh/GEN_R[1].r/u_datapath/south_vc1_fifo/fifo_mem_reg[0][flit_data]_0_3_12_17/RAMD_D1/WE (clocked by clk). Large setup violations at the end of those stages might be difficult to fix during the post-placement implementation flow and could be the result of non-optimal XDC constraints or non-optimal design architecture
Related violations: <none>

TIMING-16#73 Warning
Large setup violation  
There is a large setup violation of -1.105 ns between u_mesh/GEN_R[0].r/u_datapath/east_vc1_fifo/rd_ptr_reg[0]/C (clocked by clk) and u_mesh/GEN_R[3].r/u_datapath/north_vc0_fifo/fifo_mem_reg[0][flit_data]_0_3_18_23/RAMA/WE (clocked by clk). Large setup violations at the end of those stages might be difficult to fix during the post-placement implementation flow and could be the result of non-optimal XDC constraints or non-optimal design architecture
Related violations: <none>

TIMING-16#74 Warning
Large setup violation  
There is a large setup violation of -1.105 ns between u_mesh/GEN_R[0].r/u_datapath/east_vc1_fifo/rd_ptr_reg[0]/C (clocked by clk) and u_mesh/GEN_R[3].r/u_datapath/north_vc0_fifo/fifo_mem_reg[0][flit_data]_0_3_18_23/RAMA_D1/WE (clocked by clk). Large setup violations at the end of those stages might be difficult to fix during the post-placement implementation flow and could be the result of non-optimal XDC constraints or non-optimal design architecture
Related violations: <none>

TIMING-16#75 Warning
Large setup violation  
There is a large setup violation of -1.105 ns between u_mesh/GEN_R[0].r/u_datapath/east_vc1_fifo/rd_ptr_reg[0]/C (clocked by clk) and u_mesh/GEN_R[3].r/u_datapath/north_vc0_fifo/fifo_mem_reg[0][flit_data]_0_3_18_23/RAMB/WE (clocked by clk). Large setup violations at the end of those stages might be difficult to fix during the post-placement implementation flow and could be the result of non-optimal XDC constraints or non-optimal design architecture
Related violations: <none>

TIMING-16#76 Warning
Large setup violation  
There is a large setup violation of -1.105 ns between u_mesh/GEN_R[0].r/u_datapath/east_vc1_fifo/rd_ptr_reg[0]/C (clocked by clk) and u_mesh/GEN_R[3].r/u_datapath/north_vc0_fifo/fifo_mem_reg[0][flit_data]_0_3_18_23/RAMB_D1/WE (clocked by clk). Large setup violations at the end of those stages might be difficult to fix during the post-placement implementation flow and could be the result of non-optimal XDC constraints or non-optimal design architecture
Related violations: <none>

TIMING-16#77 Warning
Large setup violation  
There is a large setup violation of -1.105 ns between u_mesh/GEN_R[0].r/u_datapath/east_vc1_fifo/rd_ptr_reg[0]/C (clocked by clk) and u_mesh/GEN_R[3].r/u_datapath/north_vc0_fifo/fifo_mem_reg[0][flit_data]_0_3_18_23/RAMC/WE (clocked by clk). Large setup violations at the end of those stages might be difficult to fix during the post-placement implementation flow and could be the result of non-optimal XDC constraints or non-optimal design architecture
Related violations: <none>

TIMING-16#78 Warning
Large setup violation  
There is a large setup violation of -1.105 ns between u_mesh/GEN_R[0].r/u_datapath/east_vc1_fifo/rd_ptr_reg[0]/C (clocked by clk) and u_mesh/GEN_R[3].r/u_datapath/north_vc0_fifo/fifo_mem_reg[0][flit_data]_0_3_18_23/RAMC_D1/WE (clocked by clk). Large setup violations at the end of those stages might be difficult to fix during the post-placement implementation flow and could be the result of non-optimal XDC constraints or non-optimal design architecture
Related violations: <none>

TIMING-16#79 Warning
Large setup violation  
There is a large setup violation of -1.105 ns between u_mesh/GEN_R[0].r/u_datapath/east_vc1_fifo/rd_ptr_reg[0]/C (clocked by clk) and u_mesh/GEN_R[3].r/u_datapath/north_vc0_fifo/fifo_mem_reg[0][flit_data]_0_3_18_23/RAMD/WE (clocked by clk). Large setup violations at the end of those stages might be difficult to fix during the post-placement implementation flow and could be the result of non-optimal XDC constraints or non-optimal design architecture
Related violations: <none>

TIMING-16#80 Warning
Large setup violation  
There is a large setup violation of -1.105 ns between u_mesh/GEN_R[0].r/u_datapath/east_vc1_fifo/rd_ptr_reg[0]/C (clocked by clk) and u_mesh/GEN_R[3].r/u_datapath/north_vc0_fifo/fifo_mem_reg[0][flit_data]_0_3_18_23/RAMD_D1/WE (clocked by clk). Large setup violations at the end of those stages might be difficult to fix during the post-placement implementation flow and could be the result of non-optimal XDC constraints or non-optimal design architecture
Related violations: <none>

TIMING-16#81 Warning
Large setup violation  
There is a large setup violation of -1.132 ns between u_mesh/GEN_R[4].r/u_datapath/west_vc0_fifo/rd_ptr_reg[0]/C (clocked by clk) and u_mesh/GEN_R[1].r/u_datapath/south_vc1_fifo/fifo_mem_reg[0][flit_data]_0_3_30_31/DP/WE (clocked by clk). Large setup violations at the end of those stages might be difficult to fix during the post-placement implementation flow and could be the result of non-optimal XDC constraints or non-optimal design architecture
Related violations: <none>

TIMING-16#82 Warning
Large setup violation  
There is a large setup violation of -1.132 ns between u_mesh/GEN_R[4].r/u_datapath/west_vc0_fifo/rd_ptr_reg[0]/C (clocked by clk) and u_mesh/GEN_R[1].r/u_datapath/south_vc1_fifo/fifo_mem_reg[0][flit_data]_0_3_30_31/SP/WE (clocked by clk). Large setup violations at the end of those stages might be difficult to fix during the post-placement implementation flow and could be the result of non-optimal XDC constraints or non-optimal design architecture
Related violations: <none>

TIMING-16#83 Warning
Large setup violation  
There is a large setup violation of -1.132 ns between u_mesh/GEN_R[4].r/u_datapath/west_vc0_fifo/rd_ptr_reg[0]/C (clocked by clk) and u_mesh/GEN_R[1].r/u_datapath/south_vc1_fifo/fifo_mem_reg[0][flit_data]_0_3_30_31__0/DP/WE (clocked by clk). Large setup violations at the end of those stages might be difficult to fix during the post-placement implementation flow and could be the result of non-optimal XDC constraints or non-optimal design architecture
Related violations: <none>

TIMING-16#84 Warning
Large setup violation  
There is a large setup violation of -1.132 ns between u_mesh/GEN_R[4].r/u_datapath/west_vc0_fifo/rd_ptr_reg[0]/C (clocked by clk) and u_mesh/GEN_R[1].r/u_datapath/south_vc1_fifo/fifo_mem_reg[0][flit_data]_0_3_30_31__0/SP/WE (clocked by clk). Large setup violations at the end of those stages might be difficult to fix during the post-placement implementation flow and could be the result of non-optimal XDC constraints or non-optimal design architecture
Related violations: <none>

TIMING-16#85 Warning
Large setup violation  
There is a large setup violation of -1.132 ns between u_mesh/GEN_R[4].r/u_datapath/west_vc0_fifo/rd_ptr_reg[0]/C (clocked by clk) and u_mesh/GEN_R[1].r/u_datapath/south_vc1_fifo/fifo_mem_reg[0][flit_type]_0_3_0_0/DP/WE (clocked by clk). Large setup violations at the end of those stages might be difficult to fix during the post-placement implementation flow and could be the result of non-optimal XDC constraints or non-optimal design architecture
Related violations: <none>

TIMING-16#86 Warning
Large setup violation  
There is a large setup violation of -1.132 ns between u_mesh/GEN_R[4].r/u_datapath/west_vc0_fifo/rd_ptr_reg[0]/C (clocked by clk) and u_mesh/GEN_R[1].r/u_datapath/south_vc1_fifo/fifo_mem_reg[0][flit_type]_0_3_0_0/SP/WE (clocked by clk). Large setup violations at the end of those stages might be difficult to fix during the post-placement implementation flow and could be the result of non-optimal XDC constraints or non-optimal design architecture
Related violations: <none>

TIMING-16#87 Warning
Large setup violation  
There is a large setup violation of -1.132 ns between u_mesh/GEN_R[4].r/u_datapath/west_vc0_fifo/rd_ptr_reg[0]/C (clocked by clk) and u_mesh/GEN_R[1].r/u_datapath/south_vc1_fifo/fifo_mem_reg[0][flit_type]_0_3_1_1/DP/WE (clocked by clk). Large setup violations at the end of those stages might be difficult to fix during the post-placement implementation flow and could be the result of non-optimal XDC constraints or non-optimal design architecture
Related violations: <none>

TIMING-16#88 Warning
Large setup violation  
There is a large setup violation of -1.132 ns between u_mesh/GEN_R[4].r/u_datapath/west_vc0_fifo/rd_ptr_reg[0]/C (clocked by clk) and u_mesh/GEN_R[1].r/u_datapath/south_vc1_fifo/fifo_mem_reg[0][flit_type]_0_3_1_1/SP/WE (clocked by clk). Large setup violations at the end of those stages might be difficult to fix during the post-placement implementation flow and could be the result of non-optimal XDC constraints or non-optimal design architecture
Related violations: <none>

TIMING-16#89 Warning
Large setup violation  
There is a large setup violation of -1.133 ns between u_mesh/GEN_R[4].r/u_datapath/west_vc0_fifo/rd_ptr_reg[0]/C (clocked by clk) and u_mesh/GEN_R[5].r/u_datapath/west_vc0_fifo/fifo_mem_reg[0][flit_data]_0_3_6_11/RAMA/WE (clocked by clk). Large setup violations at the end of those stages might be difficult to fix during the post-placement implementation flow and could be the result of non-optimal XDC constraints or non-optimal design architecture
Related violations: <none>

TIMING-16#90 Warning
Large setup violation  
There is a large setup violation of -1.133 ns between u_mesh/GEN_R[4].r/u_datapath/west_vc0_fifo/rd_ptr_reg[0]/C (clocked by clk) and u_mesh/GEN_R[5].r/u_datapath/west_vc0_fifo/fifo_mem_reg[0][flit_data]_0_3_6_11/RAMA_D1/WE (clocked by clk). Large setup violations at the end of those stages might be difficult to fix during the post-placement implementation flow and could be the result of non-optimal XDC constraints or non-optimal design architecture
Related violations: <none>

TIMING-16#91 Warning
Large setup violation  
There is a large setup violation of -1.133 ns between u_mesh/GEN_R[4].r/u_datapath/west_vc0_fifo/rd_ptr_reg[0]/C (clocked by clk) and u_mesh/GEN_R[5].r/u_datapath/west_vc0_fifo/fifo_mem_reg[0][flit_data]_0_3_6_11/RAMB/WE (clocked by clk). Large setup violations at the end of those stages might be difficult to fix during the post-placement implementation flow and could be the result of non-optimal XDC constraints or non-optimal design architecture
Related violations: <none>

TIMING-16#92 Warning
Large setup violation  
There is a large setup violation of -1.133 ns between u_mesh/GEN_R[4].r/u_datapath/west_vc0_fifo/rd_ptr_reg[0]/C (clocked by clk) and u_mesh/GEN_R[5].r/u_datapath/west_vc0_fifo/fifo_mem_reg[0][flit_data]_0_3_6_11/RAMB_D1/WE (clocked by clk). Large setup violations at the end of those stages might be difficult to fix during the post-placement implementation flow and could be the result of non-optimal XDC constraints or non-optimal design architecture
Related violations: <none>

TIMING-16#93 Warning
Large setup violation  
There is a large setup violation of -1.133 ns between u_mesh/GEN_R[4].r/u_datapath/west_vc0_fifo/rd_ptr_reg[0]/C (clocked by clk) and u_mesh/GEN_R[5].r/u_datapath/west_vc0_fifo/fifo_mem_reg[0][flit_data]_0_3_6_11/RAMC/WE (clocked by clk). Large setup violations at the end of those stages might be difficult to fix during the post-placement implementation flow and could be the result of non-optimal XDC constraints or non-optimal design architecture
Related violations: <none>

TIMING-16#94 Warning
Large setup violation  
There is a large setup violation of -1.133 ns between u_mesh/GEN_R[4].r/u_datapath/west_vc0_fifo/rd_ptr_reg[0]/C (clocked by clk) and u_mesh/GEN_R[5].r/u_datapath/west_vc0_fifo/fifo_mem_reg[0][flit_data]_0_3_6_11/RAMC_D1/WE (clocked by clk). Large setup violations at the end of those stages might be difficult to fix during the post-placement implementation flow and could be the result of non-optimal XDC constraints or non-optimal design architecture
Related violations: <none>

TIMING-16#95 Warning
Large setup violation  
There is a large setup violation of -1.133 ns between u_mesh/GEN_R[4].r/u_datapath/west_vc0_fifo/rd_ptr_reg[0]/C (clocked by clk) and u_mesh/GEN_R[5].r/u_datapath/west_vc0_fifo/fifo_mem_reg[0][flit_data]_0_3_6_11/RAMD/WE (clocked by clk). Large setup violations at the end of those stages might be difficult to fix during the post-placement implementation flow and could be the result of non-optimal XDC constraints or non-optimal design architecture
Related violations: <none>

TIMING-16#96 Warning
Large setup violation  
There is a large setup violation of -1.133 ns between u_mesh/GEN_R[4].r/u_datapath/west_vc0_fifo/rd_ptr_reg[0]/C (clocked by clk) and u_mesh/GEN_R[5].r/u_datapath/west_vc0_fifo/fifo_mem_reg[0][flit_data]_0_3_6_11/RAMD_D1/WE (clocked by clk). Large setup violations at the end of those stages might be difficult to fix during the post-placement implementation flow and could be the result of non-optimal XDC constraints or non-optimal design architecture
Related violations: <none>

TIMING-16#97 Warning
Large setup violation  
There is a large setup violation of -1.137 ns between u_mesh/GEN_R[4].r/u_datapath/west_vc0_fifo/rd_ptr_reg[0]/C (clocked by clk) and u_mesh/GEN_R[1].r/u_datapath/south_vc1_fifo/fifo_mem_reg[0][flit_data]_0_3_6_11/RAMA/WE (clocked by clk). Large setup violations at the end of those stages might be difficult to fix during the post-placement implementation flow and could be the result of non-optimal XDC constraints or non-optimal design architecture
Related violations: <none>

TIMING-16#98 Warning
Large setup violation  
There is a large setup violation of -1.137 ns between u_mesh/GEN_R[4].r/u_datapath/west_vc0_fifo/rd_ptr_reg[0]/C (clocked by clk) and u_mesh/GEN_R[1].r/u_datapath/south_vc1_fifo/fifo_mem_reg[0][flit_data]_0_3_6_11/RAMA_D1/WE (clocked by clk). Large setup violations at the end of those stages might be difficult to fix during the post-placement implementation flow and could be the result of non-optimal XDC constraints or non-optimal design architecture
Related violations: <none>

TIMING-16#99 Warning
Large setup violation  
There is a large setup violation of -1.137 ns between u_mesh/GEN_R[4].r/u_datapath/west_vc0_fifo/rd_ptr_reg[0]/C (clocked by clk) and u_mesh/GEN_R[1].r/u_datapath/south_vc1_fifo/fifo_mem_reg[0][flit_data]_0_3_6_11/RAMB/WE (clocked by clk). Large setup violations at the end of those stages might be difficult to fix during the post-placement implementation flow and could be the result of non-optimal XDC constraints or non-optimal design architecture
Related violations: <none>

TIMING-16#100 Warning
Large setup violation  
There is a large setup violation of -1.137 ns between u_mesh/GEN_R[4].r/u_datapath/west_vc0_fifo/rd_ptr_reg[0]/C (clocked by clk) and u_mesh/GEN_R[1].r/u_datapath/south_vc1_fifo/fifo_mem_reg[0][flit_data]_0_3_6_11/RAMB_D1/WE (clocked by clk). Large setup violations at the end of those stages might be difficult to fix during the post-placement implementation flow and could be the result of non-optimal XDC constraints or non-optimal design architecture
Related violations: <none>

TIMING-16#101 Warning
Large setup violation  
There is a large setup violation of -1.137 ns between u_mesh/GEN_R[4].r/u_datapath/west_vc0_fifo/rd_ptr_reg[0]/C (clocked by clk) and u_mesh/GEN_R[1].r/u_datapath/south_vc1_fifo/fifo_mem_reg[0][flit_data]_0_3_6_11/RAMC/WE (clocked by clk). Large setup violations at the end of those stages might be difficult to fix during the post-placement implementation flow and could be the result of non-optimal XDC constraints or non-optimal design architecture
Related violations: <none>

TIMING-16#102 Warning
Large setup violation  
There is a large setup violation of -1.137 ns between u_mesh/GEN_R[4].r/u_datapath/west_vc0_fifo/rd_ptr_reg[0]/C (clocked by clk) and u_mesh/GEN_R[1].r/u_datapath/south_vc1_fifo/fifo_mem_reg[0][flit_data]_0_3_6_11/RAMC_D1/WE (clocked by clk). Large setup violations at the end of those stages might be difficult to fix during the post-placement implementation flow and could be the result of non-optimal XDC constraints or non-optimal design architecture
Related violations: <none>

TIMING-16#103 Warning
Large setup violation  
There is a large setup violation of -1.137 ns between u_mesh/GEN_R[4].r/u_datapath/west_vc0_fifo/rd_ptr_reg[0]/C (clocked by clk) and u_mesh/GEN_R[1].r/u_datapath/south_vc1_fifo/fifo_mem_reg[0][flit_data]_0_3_6_11/RAMD/WE (clocked by clk). Large setup violations at the end of those stages might be difficult to fix during the post-placement implementation flow and could be the result of non-optimal XDC constraints or non-optimal design architecture
Related violations: <none>

TIMING-16#104 Warning
Large setup violation  
There is a large setup violation of -1.137 ns between u_mesh/GEN_R[4].r/u_datapath/west_vc0_fifo/rd_ptr_reg[0]/C (clocked by clk) and u_mesh/GEN_R[1].r/u_datapath/south_vc1_fifo/fifo_mem_reg[0][flit_data]_0_3_6_11/RAMD_D1/WE (clocked by clk). Large setup violations at the end of those stages might be difficult to fix during the post-placement implementation flow and could be the result of non-optimal XDC constraints or non-optimal design architecture
Related violations: <none>

TIMING-16#105 Warning
Large setup violation  
There is a large setup violation of -1.214 ns between u_mesh/GEN_R[4].r/u_datapath/west_vc0_fifo/rd_ptr_reg[0]/C (clocked by clk) and u_mesh/GEN_R[5].r/u_datapath/west_vc1_fifo/fifo_mem_reg[0][vc_id]_0_3_0_0/DP/WE (clocked by clk). Large setup violations at the end of those stages might be difficult to fix during the post-placement implementation flow and could be the result of non-optimal XDC constraints or non-optimal design architecture
Related violations: <none>

TIMING-16#106 Warning
Large setup violation  
There is a large setup violation of -1.214 ns between u_mesh/GEN_R[4].r/u_datapath/west_vc0_fifo/rd_ptr_reg[0]/C (clocked by clk) and u_mesh/GEN_R[5].r/u_datapath/west_vc1_fifo/fifo_mem_reg[0][vc_id]_0_3_0_0/SP/WE (clocked by clk). Large setup violations at the end of those stages might be difficult to fix during the post-placement implementation flow and could be the result of non-optimal XDC constraints or non-optimal design architecture
Related violations: <none>

TIMING-16#107 Warning
Large setup violation  
There is a large setup violation of -1.214 ns between u_mesh/GEN_R[4].r/u_datapath/west_vc0_fifo/rd_ptr_reg[0]/C (clocked by clk) and u_mesh/GEN_R[5].r/u_datapath/west_vc1_fifo/fifo_mem_reg[0][vc_id]_0_3_1_1/DP/WE (clocked by clk). Large setup violations at the end of those stages might be difficult to fix during the post-placement implementation flow and could be the result of non-optimal XDC constraints or non-optimal design architecture
Related violations: <none>

TIMING-16#108 Warning
Large setup violation  
There is a large setup violation of -1.214 ns between u_mesh/GEN_R[4].r/u_datapath/west_vc0_fifo/rd_ptr_reg[0]/C (clocked by clk) and u_mesh/GEN_R[5].r/u_datapath/west_vc1_fifo/fifo_mem_reg[0][vc_id]_0_3_1_1/SP/WE (clocked by clk). Large setup violations at the end of those stages might be difficult to fix during the post-placement implementation flow and could be the result of non-optimal XDC constraints or non-optimal design architecture
Related violations: <none>

TIMING-16#109 Warning
Large setup violation  
There is a large setup violation of -1.274 ns between u_mesh/GEN_R[4].r/u_datapath/west_vc0_fifo/rd_ptr_reg[0]/C (clocked by clk) and u_mesh/GEN_R[1].r/u_datapath/south_vc1_fifo/fifo_mem_reg[0][flit_data]_0_3_18_23/RAMA/WE (clocked by clk). Large setup violations at the end of those stages might be difficult to fix during the post-placement implementation flow and could be the result of non-optimal XDC constraints or non-optimal design architecture
Related violations: <none>

TIMING-16#110 Warning
Large setup violation  
There is a large setup violation of -1.274 ns between u_mesh/GEN_R[4].r/u_datapath/west_vc0_fifo/rd_ptr_reg[0]/C (clocked by clk) and u_mesh/GEN_R[1].r/u_datapath/south_vc1_fifo/fifo_mem_reg[0][flit_data]_0_3_18_23/RAMA_D1/WE (clocked by clk). Large setup violations at the end of those stages might be difficult to fix during the post-placement implementation flow and could be the result of non-optimal XDC constraints or non-optimal design architecture
Related violations: <none>

TIMING-16#111 Warning
Large setup violation  
There is a large setup violation of -1.274 ns between u_mesh/GEN_R[4].r/u_datapath/west_vc0_fifo/rd_ptr_reg[0]/C (clocked by clk) and u_mesh/GEN_R[1].r/u_datapath/south_vc1_fifo/fifo_mem_reg[0][flit_data]_0_3_18_23/RAMB/WE (clocked by clk). Large setup violations at the end of those stages might be difficult to fix during the post-placement implementation flow and could be the result of non-optimal XDC constraints or non-optimal design architecture
Related violations: <none>

TIMING-16#112 Warning
Large setup violation  
There is a large setup violation of -1.274 ns between u_mesh/GEN_R[4].r/u_datapath/west_vc0_fifo/rd_ptr_reg[0]/C (clocked by clk) and u_mesh/GEN_R[1].r/u_datapath/south_vc1_fifo/fifo_mem_reg[0][flit_data]_0_3_18_23/RAMB_D1/WE (clocked by clk). Large setup violations at the end of those stages might be difficult to fix during the post-placement implementation flow and could be the result of non-optimal XDC constraints or non-optimal design architecture
Related violations: <none>

TIMING-16#113 Warning
Large setup violation  
There is a large setup violation of -1.274 ns between u_mesh/GEN_R[4].r/u_datapath/west_vc0_fifo/rd_ptr_reg[0]/C (clocked by clk) and u_mesh/GEN_R[1].r/u_datapath/south_vc1_fifo/fifo_mem_reg[0][flit_data]_0_3_18_23/RAMC/WE (clocked by clk). Large setup violations at the end of those stages might be difficult to fix during the post-placement implementation flow and could be the result of non-optimal XDC constraints or non-optimal design architecture
Related violations: <none>

TIMING-16#114 Warning
Large setup violation  
There is a large setup violation of -1.274 ns between u_mesh/GEN_R[4].r/u_datapath/west_vc0_fifo/rd_ptr_reg[0]/C (clocked by clk) and u_mesh/GEN_R[1].r/u_datapath/south_vc1_fifo/fifo_mem_reg[0][flit_data]_0_3_18_23/RAMC_D1/WE (clocked by clk). Large setup violations at the end of those stages might be difficult to fix during the post-placement implementation flow and could be the result of non-optimal XDC constraints or non-optimal design architecture
Related violations: <none>

TIMING-16#115 Warning
Large setup violation  
There is a large setup violation of -1.274 ns between u_mesh/GEN_R[4].r/u_datapath/west_vc0_fifo/rd_ptr_reg[0]/C (clocked by clk) and u_mesh/GEN_R[1].r/u_datapath/south_vc1_fifo/fifo_mem_reg[0][flit_data]_0_3_18_23/RAMD/WE (clocked by clk). Large setup violations at the end of those stages might be difficult to fix during the post-placement implementation flow and could be the result of non-optimal XDC constraints or non-optimal design architecture
Related violations: <none>

TIMING-16#116 Warning
Large setup violation  
There is a large setup violation of -1.274 ns between u_mesh/GEN_R[4].r/u_datapath/west_vc0_fifo/rd_ptr_reg[0]/C (clocked by clk) and u_mesh/GEN_R[1].r/u_datapath/south_vc1_fifo/fifo_mem_reg[0][flit_data]_0_3_18_23/RAMD_D1/WE (clocked by clk). Large setup violations at the end of those stages might be difficult to fix during the post-placement implementation flow and could be the result of non-optimal XDC constraints or non-optimal design architecture
Related violations: <none>

TIMING-16#117 Warning
Large setup violation  
There is a large setup violation of -1.301 ns between u_mesh/GEN_R[4].r/u_datapath/west_vc0_fifo/rd_ptr_reg[0]/C (clocked by clk) and u_mesh/GEN_R[1].r/u_datapath/south_vc1_fifo/fifo_mem_reg[0][flit_data]_0_3_24_29/RAMA/WE (clocked by clk). Large setup violations at the end of those stages might be difficult to fix during the post-placement implementation flow and could be the result of non-optimal XDC constraints or non-optimal design architecture
Related violations: <none>

TIMING-16#118 Warning
Large setup violation  
There is a large setup violation of -1.301 ns between u_mesh/GEN_R[4].r/u_datapath/west_vc0_fifo/rd_ptr_reg[0]/C (clocked by clk) and u_mesh/GEN_R[1].r/u_datapath/south_vc1_fifo/fifo_mem_reg[0][flit_data]_0_3_24_29/RAMA_D1/WE (clocked by clk). Large setup violations at the end of those stages might be difficult to fix during the post-placement implementation flow and could be the result of non-optimal XDC constraints or non-optimal design architecture
Related violations: <none>

TIMING-16#119 Warning
Large setup violation  
There is a large setup violation of -1.301 ns between u_mesh/GEN_R[4].r/u_datapath/west_vc0_fifo/rd_ptr_reg[0]/C (clocked by clk) and u_mesh/GEN_R[1].r/u_datapath/south_vc1_fifo/fifo_mem_reg[0][flit_data]_0_3_24_29/RAMB/WE (clocked by clk). Large setup violations at the end of those stages might be difficult to fix during the post-placement implementation flow and could be the result of non-optimal XDC constraints or non-optimal design architecture
Related violations: <none>

TIMING-16#120 Warning
Large setup violation  
There is a large setup violation of -1.301 ns between u_mesh/GEN_R[4].r/u_datapath/west_vc0_fifo/rd_ptr_reg[0]/C (clocked by clk) and u_mesh/GEN_R[1].r/u_datapath/south_vc1_fifo/fifo_mem_reg[0][flit_data]_0_3_24_29/RAMB_D1/WE (clocked by clk). Large setup violations at the end of those stages might be difficult to fix during the post-placement implementation flow and could be the result of non-optimal XDC constraints or non-optimal design architecture
Related violations: <none>

TIMING-16#121 Warning
Large setup violation  
There is a large setup violation of -1.301 ns between u_mesh/GEN_R[4].r/u_datapath/west_vc0_fifo/rd_ptr_reg[0]/C (clocked by clk) and u_mesh/GEN_R[1].r/u_datapath/south_vc1_fifo/fifo_mem_reg[0][flit_data]_0_3_24_29/RAMC/WE (clocked by clk). Large setup violations at the end of those stages might be difficult to fix during the post-placement implementation flow and could be the result of non-optimal XDC constraints or non-optimal design architecture
Related violations: <none>

TIMING-16#122 Warning
Large setup violation  
There is a large setup violation of -1.301 ns between u_mesh/GEN_R[4].r/u_datapath/west_vc0_fifo/rd_ptr_reg[0]/C (clocked by clk) and u_mesh/GEN_R[1].r/u_datapath/south_vc1_fifo/fifo_mem_reg[0][flit_data]_0_3_24_29/RAMC_D1/WE (clocked by clk). Large setup violations at the end of those stages might be difficult to fix during the post-placement implementation flow and could be the result of non-optimal XDC constraints or non-optimal design architecture
Related violations: <none>

TIMING-16#123 Warning
Large setup violation  
There is a large setup violation of -1.301 ns between u_mesh/GEN_R[4].r/u_datapath/west_vc0_fifo/rd_ptr_reg[0]/C (clocked by clk) and u_mesh/GEN_R[1].r/u_datapath/south_vc1_fifo/fifo_mem_reg[0][flit_data]_0_3_24_29/RAMD/WE (clocked by clk). Large setup violations at the end of those stages might be difficult to fix during the post-placement implementation flow and could be the result of non-optimal XDC constraints or non-optimal design architecture
Related violations: <none>

TIMING-16#124 Warning
Large setup violation  
There is a large setup violation of -1.301 ns between u_mesh/GEN_R[4].r/u_datapath/west_vc0_fifo/rd_ptr_reg[0]/C (clocked by clk) and u_mesh/GEN_R[1].r/u_datapath/south_vc1_fifo/fifo_mem_reg[0][flit_data]_0_3_24_29/RAMD_D1/WE (clocked by clk). Large setup violations at the end of those stages might be difficult to fix during the post-placement implementation flow and could be the result of non-optimal XDC constraints or non-optimal design architecture
Related violations: <none>


